---
source: core/tests/suite/skills_extension.rs
assertion_line: 3354
expression: "context_snapshot::format_context_snapshot(\"Cloud skills rebalance once to retain every executor skill. Post-turn compaction and resume restore the same cloud allocation before the executor reconnects; both catalogs are fully reinjected once into the new history.\",\n&entries, &ContextSnapshotOptions::default().rewrite_known_segments(),)"
---
Scenario: Cloud skills rebalance once to retain every executor skill. Post-turn compaction and resume restore the same cloud allocation before the executor reconnects; both catalogs are fully reinjected once into the new history.

## Window 1
-- request 1 (items) --
00:message/developer[3]:
    [01] <PERMISSIONS_INSTRUCTIONS>
    [02] <environments_instructions>
        ## Execution environments
        Execution environments are separate machines or workspaces with their own files, shell, and installed ca...text>` lists the environments selected for this task. [hash=bc910d398b9b4d83]

        An environment marked `starting` is not yet usable. Its files, commands, AGENTS.md instructions, skills,...CP tools may become available when startup completes. [hash=42a360e5075e8edb]

        Wait only when the current task needs that environment. Continue using tools that are already available for unrelated work.
        </environments_instructions>
    [03] <SKILLS_INSTRUCTIONS>
01:message/user:
    <ENVIRONMENT_CONTEXT>
02:message/user:
    Inspect the available skills.

## Window 2 (after request 1: settings unavailable)
-- request 2 (items) --
00:message/developer[3]:
    [01] <PERMISSIONS_INSTRUCTIONS>
    [02] <environments_instructions>
        ## Execution environments
        Execution environments are separate machines or workspaces with their own files, shell, and installed ca...text>` lists the environments selected for this task. [hash=bc910d398b9b4d83]

        An environment marked `starting` is not yet usable. Its files, commands, AGENTS.md instructions, skills,...CP tools may become available when startup completes. [hash=42a360e5075e8edb]

        Wait only when the current task needs that environment. Continue using tools that are already available for unrelated work.
        </environments_instructions>
    [03] <SKILLS_INSTRUCTIONS>
01:message/user:
    <ENVIRONMENT_CONTEXT>
02:message/user:
    Inspect the available skills.
03:function_call/wait_for_environment:{"environment_id":"skills-executor"}
04:function_call_output:{"environment_id":"skills-executor","status":"ready"}
05:message/user:
    <ENVIRONMENT_CONTEXT>
06:message/developer[2]:
    [01] <SKILLS_INSTRUCTIONS>
    [02] <SKILLS_INSTRUCTIONS>

## Window 3 (after request 2: settings unavailable)
-- request 3 (items) --
00:message/developer[3]:
    [01] <PERMISSIONS_INSTRUCTIONS>
    [02] <environments_instructions>
        ## Execution environments
        Execution environments are separate machines or workspaces with their own files, shell, and installed ca...text>` lists the environments selected for this task. [hash=bc910d398b9b4d83]

        An environment marked `starting` is not yet usable. Its files, commands, AGENTS.md instructions, skills,...CP tools may become available when startup completes. [hash=42a360e5075e8edb]

        Wait only when the current task needs that environment. Continue using tools that are already available for unrelated work.
        </environments_instructions>
    [03] <SKILLS_INSTRUCTIONS>
01:message/user:
    <ENVIRONMENT_CONTEXT>
02:message/user:
    Inspect the available skills.
03:function_call/wait_for_environment:{"environment_id":"skills-executor"}
04:function_call_output:{"environment_id":"skills-executor","status":"ready"}
05:message/user:
    <ENVIRONMENT_CONTEXT>
06:message/developer[2]:
    [01] <SKILLS_INSTRUCTIONS>
    [02] <SKILLS_INSTRUCTIONS>
07:message/user:
    Inspect the available skills again.

## Window 4 (after request 3: settings unavailable)
-- request 4 (items) --
00:message/developer[3]:
    [01] <PERMISSIONS_INSTRUCTIONS>
    [02] <environments_instructions>
        ## Execution environments
        Execution environments are separate machines or workspaces with their own files, shell, and installed ca...text>` lists the environments selected for this task. [hash=bc910d398b9b4d83]

        An environment marked `starting` is not yet usable. Its files, commands, AGENTS.md instructions, skills,...CP tools may become available when startup completes. [hash=42a360e5075e8edb]

        Wait only when the current task needs that environment. Continue using tools that are already available for unrelated work.
        </environments_instructions>
    [03] <SKILLS_INSTRUCTIONS>
01:message/user:
    <ENVIRONMENT_CONTEXT>
02:message/user:
    Inspect the available skills.
03:function_call/wait_for_environment:{"environment_id":"skills-executor"}
04:function_call_output:{"environment_id":"skills-executor","status":"ready"}
05:message/user:
    <ENVIRONMENT_CONTEXT>
06:message/developer[2]:
    [01] <SKILLS_INSTRUCTIONS>
    [02] <SKILLS_INSTRUCTIONS>
07:message/user:
    Inspect the available skills again.
08:message/user:
    <SUMMARIZATION_PROMPT>

## Window 5 (after request 4: input diverged at item 00)
-- request 5 (items) --
00:message/user:
    Inspect the available skills.
01:message/user:
    Inspect the available skills again.
02:message/user:
    <COMPACTION_SUMMARY>
    The available skills were inspected.
03:message/developer[3]:
    [01] <PERMISSIONS_INSTRUCTIONS>
    [02] <environments_instructions>
        ## Execution environments
        Execution environments are separate machines or workspaces with their own files, shell, and installed ca...text>` lists the environments selected for this task. [hash=bc910d398b9b4d83]

        An environment marked `starting` is not yet usable. Its files, commands, AGENTS.md instructions, skills,...CP tools may become available when startup completes. [hash=42a360e5075e8edb]

        Wait only when the current task needs that environment. Continue using tools that are already available for unrelated work.
        </environments_instructions>
    [03] <SKILLS_INSTRUCTIONS>
04:message/user:
    <ENVIRONMENT_CONTEXT>
05:message/user:
    Inspect the skills after resuming.

## Window 6 (after request 5: settings unavailable)
-- request 6 (items) --
00:message/user:
    Inspect the available skills.
01:message/user:
    Inspect the available skills again.
02:message/user:
    <COMPACTION_SUMMARY>
    The available skills were inspected.
03:message/developer[3]:
    [01] <PERMISSIONS_INSTRUCTIONS>
    [02] <environments_instructions>
        ## Execution environments
        Execution environments are separate machines or workspaces with their own files, shell, and installed ca...text>` lists the environments selected for this task. [hash=bc910d398b9b4d83]

        An environment marked `starting` is not yet usable. Its files, commands, AGENTS.md instructions, skills,...CP tools may become available when startup completes. [hash=42a360e5075e8edb]

        Wait only when the current task needs that environment. Continue using tools that are already available for unrelated work.
        </environments_instructions>
    [03] <SKILLS_INSTRUCTIONS>
04:message/user:
    <ENVIRONMENT_CONTEXT>
05:message/user:
    Inspect the skills after resuming.
06:function_call/wait_for_environment:{"environment_id":"skills-executor"}
07:function_call_output:{"environment_id":"skills-executor","status":"ready"}
08:message/user:
    <ENVIRONMENT_CONTEXT>
09:message/developer:
    <SKILLS_INSTRUCTIONS>
